Script started on 2022-02-03 19:16:12+01:00 [TERM="xterm-256color" TTY="/dev/pts/0" COLUMNS="203" LINES="46"]
]0;mat@mat-VirtualBox: ~/PRPA/Primer-Repositorio-intento-2-[01;32mmat@mat-VirtualBox[00m:[01;34m~/PRPA/Primer-Repositorio-intento-2-[00m$ git add 0_procesos.py 
]0;mat@mat-VirtualBox: ~/PRPA/Primer-Repositorio-intento-2-[01;32mmat@mat-VirtualBox[00m:[01;34m~/PRPA/Primer-Repositorio-intento-2-[00m$ git commit -m "practo[K[K[K[Koceso 0"
[main 0bf8b54] proceso 0
 1 file changed, 25 insertions(+)
 create mode 100644 0_procesos.py
]0;mat@mat-VirtualBox: ~/PRPA/Primer-Repositorio-intento-2-[01;32mmat@mat-VirtualBox[00m:[01;34m~/PRPA/Primer-Repositorio-intento-2-[00m$ git push
Enumerando objetos: 4, listo.
Contando objetos:  25% (1/4)Contando objetos:  50% (2/4)Contando objetos:  75% (3/4)Contando objetos: 100% (4/4)Contando objetos: 100% (4/4), listo.
Comprimiendo objetos:  33% (1/3)Comprimiendo objetos:  66% (2/3)Comprimiendo objetos: 100% (3/3)Comprimiendo objetos: 100% (3/3), listo.
Escribiendo objetos:  33% (1/3)Escribiendo objetos:  66% (2/3)Escribiendo objetos: 100% (3/3)Escribiendo objetos: 100% (3/3), 552 bytes | 552.00 KiB/s, listo.
Total 3 (delta 1), reusado 0 (delta 0)
remote: Resolving deltas:   0% (0/1)[Kremote: Resolving deltas: 100% (1/1)[Kremote: Resolving deltas: 100% (1/1), completed with 1 local object.[K
To github.com:maria-correas/Primer-Repositorio-intento-2-.git
   0885f70..0bf8b54  main -> main
]0;mat@mat-VirtualBox: ~/PRPA/Primer-Repositorio-intento-2-[01;32mmat@mat-VirtualBox[00m:[01;34m~/PRPA/Primer-Repositorio-intento-2-[00m$ git add ![K1_procesos.py 
]0;mat@mat-VirtualBox: ~/PRPA/Primer-Repositorio-intento-2-[01;32mmat@mat-VirtualBox[00m:[01;34m~/PRPA/Primer-Repositorio-intento-2-[00m$ git commit -m "ro[K[Kproceso 1"
[main e6a7734] proceso 1
 1 file changed, 27 insertions(+)
 create mode 100644 1_procesos.py
]0;mat@mat-VirtualBox: ~/PRPA/Primer-Repositorio-intento-2-[01;32mmat@mat-VirtualBox[00m:[01;34m~/PRPA/Primer-Repositorio-intento-2-[00m$ git push
Enumerando objetos: 4, listo.
Contando objetos:  25% (1/4)Contando objetos:  50% (2/4)Contando objetos:  75% (3/4)Contando objetos: 100% (4/4)Contando objetos: 100% (4/4), listo.
Comprimiendo objetos:  33% (1/3)Comprimiendo objetos:  66% (2/3)Comprimiendo objetos: 100% (3/3)Comprimiendo objetos: 100% (3/3), listo.
Escribiendo objetos:  33% (1/3)Escribiendo objetos:  66% (2/3)Escribiendo objetos: 100% (3/3)Escribiendo objetos: 100% (3/3), 574 bytes | 574.00 KiB/s, listo.
Total 3 (delta 1), reusado 0 (delta 0)
remote: Resolving deltas:   0% (0/1)[Kremote: Resolving deltas: 100% (1/1)[Kremote: Resolving deltas: 100% (1/1), completed with 1 local object.[K
To github.com:maria-correas/Primer-Repositorio-intento-2-.git
   0bf8b54..e6a7734  main -> main
]0;mat@mat-VirtualBox: ~/PRPA/Primer-Repositorio-intento-2-[01;32mmat@mat-VirtualBox[00m:[01;34m~/PRPA/Primer-Repositorio-intento-2-[00m$ git add 2_procesos.py 
]0;mat@mat-VirtualBox: ~/PRPA/Primer-Repositorio-intento-2-[01;32mmat@mat-VirtualBox[00m:[01;34m~/PRPA/Primer-Repositorio-intento-2-[00m$ git commit -m "proceso2 [K[K 2"
[main 4717d29] proceso 2
 1 file changed, 21 insertions(+)
 create mode 100644 2_procesos.py
]0;mat@mat-VirtualBox: ~/PRPA/Primer-Repositorio-intento-2-[01;32mmat@mat-VirtualBox[00m:[01;34m~/PRPA/Primer-Repositorio-intento-2-[00m$ git push
Enumerando objetos: 4, listo.
Contando objetos:  25% (1/4)Contando objetos:  50% (2/4)Contando objetos:  75% (3/4)Contando objetos: 100% (4/4)Contando objetos: 100% (4/4), listo.
Comprimiendo objetos:  33% (1/3)Comprimiendo objetos:  66% (2/3)Comprimiendo objetos: 100% (3/3)Comprimiendo objetos: 100% (3/3), listo.
Escribiendo objetos:  33% (1/3)Escribiendo objetos:  66% (2/3)Escribiendo objetos: 100% (3/3)Escribiendo objetos: 100% (3/3), 533 bytes | 533.00 KiB/s, listo.
Total 3 (delta 1), reusado 0 (delta 0)
remote: Resolving deltas:   0% (0/1)[Kremote: Resolving deltas: 100% (1/1)[Kremote: Resolving deltas: 100% (1/1), completed with 1 local object.[K
To github.com:maria-correas/Primer-Repositorio-intento-2-.git
   e6a7734..4717d29  main -> main
]0;mat@mat-VirtualBox: ~/PRPA/Primer-Repositorio-intento-2-[01;32mmat@mat-VirtualBox[00m:[01;34m~/PRPA/Primer-Repositorio-intento-2-[00m$ git add 3_procesos.py 
]0;mat@mat-VirtualBox: ~/PRPA/Primer-Repositorio-intento-2-[01;32mmat@mat-VirtualBox[00m:[01;34m~/PRPA/Primer-Repositorio-intento-2-[00m$ git commit -m "proceso 3"
[main ed8c9fb] proceso 3
 1 file changed, 28 insertions(+)
 create mode 100644 3_procesos.py
]0;mat@mat-VirtualBox: ~/PRPA/Primer-Repositorio-intento-2-[01;32mmat@mat-VirtualBox[00m:[01;34m~/PRPA/Primer-Repositorio-intento-2-[00m$ git push
Enumerando objetos: 4, listo.
Contando objetos:  25% (1/4)Contando objetos:  50% (2/4)Contando objetos:  75% (3/4)Contando objetos: 100% (4/4)Contando objetos: 100% (4/4), listo.
Comprimiendo objetos:  33% (1/3)Comprimiendo objetos:  66% (2/3)Comprimiendo objetos: 100% (3/3)Comprimiendo objetos: 100% (3/3), listo.
Escribiendo objetos:  33% (1/3)Escribiendo objetos:  66% (2/3)Escribiendo objetos: 100% (3/3)Escribiendo objetos: 100% (3/3), 617 bytes | 617.00 KiB/s, listo.
Total 3 (delta 1), reusado 0 (delta 0)
remote: Resolving deltas:   0% (0/1)[Kremote: Resolving deltas: 100% (1/1)[Kremote: Resolving deltas: 100% (1/1), completed with 1 local object.[K
To github.com:maria-correas/Primer-Repositorio-intento-2-.git
   4717d29..ed8c9fb  main -> main
]0;mat@mat-VirtualBox: ~/PRPA/Primer-Repositorio-intento-2-[01;32mmat@mat-VirtualBox[00m:[01;34m~/PRPA/Primer-Repositorio-intento-2-[00m$ git add 4_procesos.py 
]0;mat@mat-VirtualBox: ~/PRPA/Primer-Repositorio-intento-2-[01;32mmat@mat-VirtualBox[00m:[01;34m~/PRPA/Primer-Repositorio-intento-2-[00m$ git commit -m "proceso 4"
[main 081a8d9] proceso 4
 1 file changed, 33 insertions(+)
 create mode 100644 4_procesos.py
]0;mat@mat-VirtualBox: ~/PRPA/Primer-Repositorio-intento-2-[01;32mmat@mat-VirtualBox[00m:[01;34m~/PRPA/Primer-Repositorio-intento-2-[00m$ git push
Enumerando objetos: 4, listo.
Contando objetos:  25% (1/4)Contando objetos:  50% (2/4)Contando objetos:  75% (3/4)Contando objetos: 100% (4/4)Contando objetos: 100% (4/4), listo.
Comprimiendo objetos:  33% (1/3)Comprimiendo objetos:  66% (2/3)Comprimiendo objetos: 100% (3/3)Comprimiendo objetos: 100% (3/3), listo.
Escribiendo objetos:  33% (1/3)Escribiendo objetos:  66% (2/3)Escribiendo objetos: 100% (3/3)Escribiendo objetos: 100% (3/3), 634 bytes | 634.00 KiB/s, listo.
Total 3 (delta 1), reusado 0 (delta 0)
remote: Resolving deltas:   0% (0/1)[Kremote: Resolving deltas: 100% (1/1)[Kremote: Resolving deltas: 100% (1/1), completed with 1 local object.[K
To github.com:maria-correas/Primer-Repositorio-intento-2-.git
   ed8c9fb..081a8d9  main -> main
]0;mat@mat-VirtualBox: ~/PRPA/Primer-Repositorio-intento-2-[01;32mmat@mat-VirtualBox[00m:[01;34m~/PRPA/Primer-Repositorio-intento-2-[00m$ exit

Script done on 2022-02-03 19:18:10+01:00 [COMMAND_EXIT_CODE="0"]
